// Jest Snapshot v1, https://goo.gl/fbAQLP

exports[`Movie Details component testsuite renders properly 1`] = `[Function]`;
